---
source: crates/ailang-lexer/tests/snapshots.rs
assertion_line: 40
expression: "render(src, & toks)"
---
   0..2    fn "fn"
   3..6    ident "fib"
   6..7    ( "("
   7..8    ident "n"
   8..9    ) ")"
  10..11   { "{"
  14..16   if "if"
  17..18   ident "n"
  19..20   < "<"
  21..22   int "2"
  23..25   rt "rt"
  26..27   ident "n"
  30..33   ident "fib"
  33..34   ( "("
  34..35   ident "n"
  35..36   - "-"
  36..37   int "1"
  37..38   ) ")"
  39..40   + "+"
  41..44   ident "fib"
  44..45   ( "("
  45..46   ident "n"
  46..47   - "-"
  47..48   int "2"
  48..49   ) ")"
  50..51   } "}"
  53..60   ident "println"
  60..61   ( "("
  61..64   ident "fib"
  64..65   ( "("
  65..67   int "30"
  67..68   ) ")"
  68..69   ) ")"
  70..70   <eof>
