---
source: crates/ailang-lexer/tests/snapshots.rs
expression: "render(src, & toks)"
---
   0..2    fn "fn"
   3..5    ident "wc"
   5..6    ( "("
   6..10   ident "text"
  10..11   : ":"
  11..14   str "str"
  14..15   ) ")"
  16..18   -> "->"
  19..20   { "{"
  20..23   str "str"
  23..24   : ":"
  24..27   i64 "i64"
  27..28   } "}"
  29..30   { "{"
  33..34   ident "m"
  35..36   : ":"
  37..38   { "{"
  38..41   str "str"
  41..42   : ":"
  42..45   i64 "i64"
  45..46   } "}"
  47..48   = "="
  49..50   { "{"
  50..51   } "}"
  54..56   lp "lp"
  57..58   ident "w"
  59..61   in "in"
  62..66   ident "text"
  66..67   . "."
  67..72   ident "split"
  72..73   ( "("
  73..76   string "\" \""
  76..77   ) ")"
  78..79   { "{"
  84..85   ident "m"
  85..86   [ "["
  86..87   ident "w"
  87..88   ] "]"
  89..90   = "="
  91..92   ( "("
  92..93   ident "m"
  93..94   [ "["
  94..95   ident "w"
  95..96   ] "]"
  97..99   ?? "??"
 100..101  int "0"
 101..102  ) ")"
 103..104  + "+"
 105..106  int "1"
 109..110  } "}"
 113..114  ident "m"
 115..116  } "}"
 118..120  fn "fn"
 121..125  ident "main"
 125..126  ( "("
 126..127  ) ")"
 128..129  { "{"
 132..139  ident "println"
 139..140  ( "("
 140..142  ident "wc"
 142..143  ( "("
 143..185  string "\"the quick brown fox the lazy dog the fox\""
 185..186  ) ")"
 186..187  ) ")"
 188..189  } "}"
 190..190  <eof>
