---
source: crates/ailang-lexer/tests/snapshots.rs
expression: "render(src, & toks)"
---
   0..2    ex "ex"
   3..6    string "\"c\""
   7..9    fn "fn"
  10..16   ident "printf"
  16..17   ( "("
  17..20   ident "fmt"
  20..21   : ":"
  21..22   * "*"
  22..24   u8 "u8"
  24..25   , ","
  26..29   ... "..."
  29..30   ) ")"
  31..33   -> "->"
  34..37   i32 "i32"
  39..41   fn "fn"
  42..46   ident "main"
  46..47   ( "("
  47..48   ) ")"
  49..50   { "{"
  53..59   ident "printf"
  59..60   ( "("
  60..72   string "\"hello %d\\n\""
  72..73   . "."
  73..77   ident "cstr"
  77..78   , ","
  79..81   int "42"
  81..82   ) ")"
  83..84   } "}"
  85..85   <eof>
